#
# There is insufficient memory for the Java Runtime Environment to continue.
# Native memory allocation (malloc) failed to allocate 1885136 bytes. Error detail: Chunk::new
# Possible reasons:
#   The system is out of physical RAM or swap space
#   This process is running with CompressedOops enabled, and the Java Heap may be blocking the growth of the native heap
# Possible solutions:
#   Reduce memory load on the system
#   Increase physical memory or swap space
#   Check if swap backing store is full
#   Decrease Java heap size (-Xmx/-Xms)
#   Decrease number of Java threads
#   Decrease Java thread stack sizes (-Xss)
#   Set larger code cache with -XX:ReservedCodeCacheSize=
#   JVM is running with Zero Based Compressed Oops mode in which the Java heap is
#     placed in the first 32GB address space. The Java Heap base address is the
#     maximum limit for the native heap growth. Please use -XX:HeapBaseMinAddress
#     to set the Java Heap base and to place the Java Heap above 32GB virtual address.
# This output file may be truncated or incomplete.
#
#  Out of Memory Error (arena.cpp:191), pid=76848, tid=61612
#
# JRE version: OpenJDK Runtime Environment Temurin-17.0.18+8 (17.0.18+8) (build 17.0.18+8)
# Java VM: OpenJDK 64-Bit Server VM Temurin-17.0.18+8 (17.0.18+8, mixed mode, sharing, tiered, compressed oops, compressed class ptrs, g1 gc, windows-amd64)
# No core dump will be written. Minidumps are not enabled by default on client versions of Windows
#

---------------  S U M M A R Y ------------

Command Line: C:\Users\msmor\AppData\Local\Temp\surefire13782350337554268974\surefirebooter-20260518174441426_3.jar C:\Users\msmor\AppData\Local\Temp\surefire13782350337554268974 2026-05-18T17-44-40_175-jvmRun1 surefire-20260518174441426_1tmp surefire_0-20260518174441426_2tmp

Host: 13th Gen Intel(R) Core(TM) i5-1335U, 12 cores, 15G,  Windows 11 , 64 bit Build 26100 (10.0.26100.7920)
Time: Mon May 18 17:45:32 2026 Hora estándar, América Central elapsed time: 49.774702 seconds (0d 0h 0m 49s)

---------------  T H R E A D  ---------------

Current thread (0x000001e17fe7ad90):  JavaThread "C2 CompilerThread0" daemon [_thread_in_native, id=61612, stack(0x0000004165f00000,0x0000004166000000)]


Current CompileTask:
C2:49777 6394   !   4       org.springframework.beans.factory.support.AbstractBeanFactory::getBeanPostProcessorCache (181 bytes)

Stack: [0x0000004165f00000,0x0000004166000000]
Native frames: (J=compiled Java code, j=interpreted, Vv=VM code, C=native code)
V  [jvm.dll+0x6846f9]
V  [jvm.dll+0x839ea5]
V  [jvm.dll+0x83b91e]
V  [jvm.dll+0x83bfa3]
V  [jvm.dll+0x248eff]
V  [jvm.dll+0xad496]
V  [jvm.dll+0xadb3c]
V  [jvm.dll+0x368bcf]
V  [jvm.dll+0x333055]
V  [jvm.dll+0x3324ba]
V  [jvm.dll+0x219db9]
V  [jvm.dll+0x219200]
V  [jvm.dll+0x1a4920]
V  [jvm.dll+0x22989a]
V  [jvm.dll+0x227a4b]
V  [jvm.dll+0x7f0658]
V  [jvm.dll+0x7eaaec]
V  [jvm.dll+0x6835c7]
C  [ucrtbase.dll+0x37b0]
C  [KERNEL32.DLL+0x2e8d7]
C  [ntdll.dll+0x8c48c]


---------------  P R O C E S S  ---------------

Threads class SMR info:
_java_thread_list=0x000001e160b368d0, length=21, elements={
0x000001e176c3a4f0, 0x000001e17fe56a30, 0x000001e17fe5a130, 0x000001e17fe756d0,
0x000001e17fe75bb0, 0x000001e17fe76090, 0x000001e17fe7a580, 0x000001e17fe7ad90,
0x000001e17fe7d580, 0x000001e17fe88270, 0x000001e15b1bdc70, 0x000001e15b1c25c0,
0x000001e15bbf0fe0, 0x000001e15b9a4800, 0x000001e1611dd070, 0x000001e1603ebba0,
0x000001e1603ecad0, 0x000001e161d67860, 0x000001e161d66930, 0x000001e1613c1610,
0x000001e1613be0f0
}

Java Threads: ( => current thread )
  0x000001e176c3a4f0 JavaThread "main" [_thread_in_vm, id=51708, stack(0x0000004165200000,0x0000004165300000)]
  0x000001e17fe56a30 JavaThread "Reference Handler" daemon [_thread_blocked, id=73212, stack(0x0000004165900000,0x0000004165a00000)]
  0x000001e17fe5a130 JavaThread "Finalizer" daemon [_thread_blocked, id=49472, stack(0x0000004165a00000,0x0000004165b00000)]
  0x000001e17fe756d0 JavaThread "Signal Dispatcher" daemon [_thread_blocked, id=71752, stack(0x0000004165b00000,0x0000004165c00000)]
  0x000001e17fe75bb0 JavaThread "Attach Listener" daemon [_thread_blocked, id=73100, stack(0x0000004165c00000,0x0000004165d00000)]
  0x000001e17fe76090 JavaThread "Service Thread" daemon [_thread_blocked, id=21664, stack(0x0000004165d00000,0x0000004165e00000)]
  0x000001e17fe7a580 JavaThread "Monitor Deflation Thread" daemon [_thread_blocked, id=7176, stack(0x0000004165e00000,0x0000004165f00000)]
=>0x000001e17fe7ad90 JavaThread "C2 CompilerThread0" daemon [_thread_in_native, id=61612, stack(0x0000004165f00000,0x0000004166000000)]
  0x000001e17fe7d580 JavaThread "C1 CompilerThread0" daemon [_thread_blocked, id=62972, stack(0x0000004166000000,0x0000004166100000)]
  0x000001e17fe88270 JavaThread "Sweeper thread" daemon [_thread_blocked, id=72952, stack(0x0000004166100000,0x0000004166200000)]
  0x000001e15b1bdc70 JavaThread "Notification Thread" daemon [_thread_blocked, id=45416, stack(0x0000004166200000,0x0000004166300000)]
  0x000001e15b1c25c0 JavaThread "Common-Cleaner" daemon [_thread_blocked, id=12424, stack(0x0000004166400000,0x0000004166500000)]
  0x000001e15bbf0fe0 JavaThread "surefire-forkedjvm-stream-flusher" daemon [_thread_blocked, id=51108, stack(0x0000004166500000,0x0000004166600000)]
  0x000001e15b9a4800 JavaThread "surefire-forkedjvm-command-thread" daemon [_thread_in_native, id=43196, stack(0x0000004166600000,0x0000004166700000)]
  0x000001e1611dd070 JavaThread "mysql-cj-abandoned-connection-cleanup" daemon [_thread_blocked, id=76600, stack(0x0000004166d00000,0x0000004166e00000)]
  0x000001e1603ebba0 JavaThread "BufferPoolPruner-1-thread-1" daemon [_thread_blocked, id=69892, stack(0x0000004166700000,0x0000004166800000)]
  0x000001e1603ecad0 JavaThread "oracle.jdbc.diagnostics.Diagnostic.CLOCK" daemon [_thread_blocked, id=56336, stack(0x0000004167700000,0x0000004167800000)]
  0x000001e161d67860 JavaThread "oracle.jdbc.driver.BlockSource.ThreadedCachingBlockSource.BlockReleaser" daemon [_thread_blocked, id=66576, stack(0x0000004167800000,0x0000004167900000)]
  0x000001e161d66930 JavaThread "InterruptTimer" daemon [_thread_blocked, id=32924, stack(0x0000004167900000,0x0000004167a00000)]
  0x000001e1613c1610 JavaThread "C2 CompilerThread1" daemon [_thread_in_native, id=55596, stack(0x0000004167a00000,0x0000004167b00000)]
  0x000001e1613be0f0 JavaThread "C2 CompilerThread2" daemon [_thread_in_native, id=5884, stack(0x0000004167b00000,0x0000004167c00000)]

Other Threads:
  0x000001e17fe52de0 VMThread "VM Thread" [stack: 0x0000004165800000,0x0000004165900000] [id=76520]
  0x000001e15b1c0160 WatcherThread [stack: 0x0000004166300000,0x0000004166400000] [id=27124]
  0x000001e176ca8b80 GCTaskThread "GC Thread#0" [stack: 0x0000004165300000,0x0000004165400000] [id=75740]
  0x000001e16006e490 GCTaskThread "GC Thread#1" [stack: 0x0000004166800000,0x0000004166900000] [id=34428]
  0x000001e16006e750 GCTaskThread "GC Thread#2" [stack: 0x0000004166900000,0x0000004166a00000] [id=15688]
  0x000001e16006ea10 GCTaskThread "GC Thread#3" [stack: 0x0000004166a00000,0x0000004166b00000] [id=64444]
  0x000001e160706010 GCTaskThread "GC Thread#4" [stack: 0x0000004166b00000,0x0000004166c00000] [id=71972]
  0x000001e1607062d0 GCTaskThread "GC Thread#5" [stack: 0x0000004166c00000,0x0000004166d00000] [id=36352]
  0x000001e1602808f0 GCTaskThread "GC Thread#6" [stack: 0x0000004166f00000,0x0000004167000000] [id=23472]
  0x000001e1609f1670 GCTaskThread "GC Thread#7" [stack: 0x0000004167000000,0x0000004167100000] [id=2640]
  0x000001e160a49070 GCTaskThread "GC Thread#8" [stack: 0x0000004167100000,0x0000004167200000] [id=44584]
  0x000001e160a49330 GCTaskThread "GC Thread#9" [stack: 0x0000004167200000,0x0000004167300000] [id=64268]
  0x000001e176cb6500 ConcurrentGCThread "G1 Main Marker" [stack: 0x0000004165400000,0x0000004165500000] [id=30776]
  0x000001e17fcf3510 ConcurrentGCThread "G1 Conc#0" [stack: 0x0000004165500000,0x0000004165600000] [id=54064]
  0x000001e1625d9110 ConcurrentGCThread "G1 Conc#1" [stack: 0x0000004167300000,0x0000004167400000] [id=29484]
  0x000001e160e84860 ConcurrentGCThread "G1 Conc#2" [stack: 0x0000004167400000,0x0000004167500000] [id=42568]
  0x000001e17fd87fe0 ConcurrentGCThread "G1 Refine#0" [stack: 0x0000004165600000,0x0000004165700000] [id=1932]
  0x000001e17fd883d0 ConcurrentGCThread "G1 Service" [stack: 0x0000004165700000,0x0000004165800000] [id=65828]

Threads with active compile tasks:
C2 CompilerThread0  53123 6394   !   4       org.springframework.beans.factory.support.AbstractBeanFactory::getBeanPostProcessorCache (181 bytes)
C2 CompilerThread1  53123 6367       4       org.springframework.beans.factory.support.AbstractBeanFactory::isFactoryBean (62 bytes)
C2 CompilerThread2  53123 6393       4       org.springframework.beans.factory.support.AbstractAutowireCapableBeanFactory::predictBeanType (128 bytes)

VM state: not at safepoint (normal execution)

VM Mutex/Monitor currently owned by a thread: None

Heap address: 0x0000000704e00000, size: 4018 MB, Compressed Oops mode: Zero based, Oop shift amount: 3

CDS archive(s) mapped at: [0x000001e11a000000-0x000001e11abb0000-0x000001e11abb0000), size 12255232, SharedBaseAddress: 0x000001e11a000000, ArchiveRelocationMode: 1.
Compressed class space mapped at: 0x000001e11b000000-0x000001e15b000000, reserved size: 1073741824
Narrow klass base: 0x000001e11a000000, Narrow klass shift: 0, Narrow klass range: 0x100000000

GC Precious Log:
 CPUs: 12 total, 12 available
 Memory: 16068M
 Large Page Support: Disabled
 NUMA Support: Disabled
 Compressed Oops: Enabled (Zero based)
 Heap Region Size: 2M
 Heap Min Capacity: 8M
 Heap Initial Capacity: 252M
 Heap Max Capacity: 4018M
 Pre-touch: Disabled
 Parallel Workers: 10
 Concurrent Workers: 3
 Concurrent Refinement Workers: 10
 Periodic GC: Disabled

Heap:
 garbage-first heap   total 75776K, used 57546K [0x0000000704e00000, 0x0000000800000000)
  region size 2048K, 12 young (24576K), 2 survivors (4096K)
 Metaspace       used 71506K, committed 72000K, reserved 1114112K
  class space    used 9058K, committed 9280K, reserved 1048576K

Heap Regions: E=young(eden), S=young(survivor), O=old, HS=humongous(starts), HC=humongous(continues), CS=collection set, F=free, OA=open archive, CA=closed archive, TAMS=top-at-mark-start (previous, next)
|   0|0x0000000704e00000, 0x0000000705000000, 0x0000000705000000|100%| O|  |TAMS 0x0000000705000000, 0x0000000704e00000| Untracked 
|   1|0x0000000705000000, 0x0000000705200000, 0x0000000705200000|100%| O|  |TAMS 0x0000000705200000, 0x0000000705000000| Untracked 
|   2|0x0000000705200000, 0x0000000705400000, 0x0000000705400000|100%| O|  |TAMS 0x0000000705400000, 0x0000000705200000| Untracked 
|   3|0x0000000705400000, 0x0000000705600000, 0x0000000705600000|100%| O|  |TAMS 0x0000000705600000, 0x0000000705400000| Untracked 
|   4|0x0000000705600000, 0x0000000705800000, 0x0000000705800000|100%| O|  |TAMS 0x0000000705800000, 0x0000000705600000| Untracked 
|   5|0x0000000705800000, 0x0000000705a00000, 0x0000000705a00000|100%| O|  |TAMS 0x0000000705a00000, 0x0000000705800000| Untracked 
|   6|0x0000000705a00000, 0x0000000705c00000, 0x0000000705c00000|100%| O|  |TAMS 0x0000000705c00000, 0x0000000705a00000| Untracked 
|   7|0x0000000705c00000, 0x0000000705e00000, 0x0000000705e00000|100%| O|  |TAMS 0x0000000705e00000, 0x0000000705c00000| Untracked 
|   8|0x0000000705e00000, 0x0000000706000000, 0x0000000706000000|100%| O|  |TAMS 0x0000000706000000, 0x0000000705e00000| Untracked 
|   9|0x0000000706000000, 0x0000000706200000, 0x0000000706200000|100%| O|  |TAMS 0x0000000706200000, 0x0000000706000000| Untracked 
|  10|0x0000000706200000, 0x0000000706400000, 0x0000000706400000|100%| O|  |TAMS 0x0000000706400000, 0x0000000706200000| Untracked 
|  11|0x0000000706400000, 0x0000000706600000, 0x0000000706600000|100%| O|  |TAMS 0x0000000706600000, 0x0000000706400000| Untracked 
|  12|0x0000000706600000, 0x0000000706800000, 0x0000000706800000|100%| O|  |TAMS 0x0000000706800000, 0x0000000706600000| Untracked 
|  13|0x0000000706800000, 0x0000000706a00000, 0x0000000706a00000|100%| O|  |TAMS 0x0000000706a00000, 0x0000000706800000| Untracked 
|  14|0x0000000706a00000, 0x0000000706c00000, 0x0000000706c00000|100%| O|  |TAMS 0x0000000706c00000, 0x0000000706a00000| Untracked 
|  15|0x0000000706c00000, 0x0000000706e00000, 0x0000000706e00000|100%| O|  |TAMS 0x0000000706e00000, 0x0000000706c00000| Untracked 
|  16|0x0000000706e00000, 0x0000000707000000, 0x0000000707000000|100%| O|  |TAMS 0x0000000707000000, 0x0000000706e00000| Untracked 
|  17|0x0000000707000000, 0x0000000707116a00, 0x0000000707200000| 54%| O|  |TAMS 0x0000000707116a00, 0x0000000707000000| Untracked 
|  18|0x0000000707200000, 0x0000000707200000, 0x0000000707400000|  0%| F|  |TAMS 0x0000000707200000, 0x0000000707200000| Untracked 
|  19|0x0000000707400000, 0x0000000707400000, 0x0000000707600000|  0%| F|  |TAMS 0x0000000707400000, 0x0000000707400000| Untracked 
|  20|0x0000000707600000, 0x0000000707600000, 0x0000000707800000|  0%| F|  |TAMS 0x0000000707600000, 0x0000000707600000| Untracked 
|  21|0x0000000707800000, 0x0000000707800000, 0x0000000707a00000|  0%| F|  |TAMS 0x0000000707800000, 0x0000000707800000| Untracked 
|  22|0x0000000707a00000, 0x0000000707a00000, 0x0000000707c00000|  0%| F|  |TAMS 0x0000000707a00000, 0x0000000707a00000| Untracked 
|  23|0x0000000707c00000, 0x0000000707d1c1a0, 0x0000000707e00000| 55%| S|CS|TAMS 0x0000000707c00000, 0x0000000707c00000| Complete 
|  24|0x0000000707e00000, 0x0000000708000000, 0x0000000708000000|100%| S|CS|TAMS 0x0000000707e00000, 0x0000000707e00000| Complete 
|  25|0x0000000708000000, 0x0000000708000000, 0x0000000708200000|  0%| F|  |TAMS 0x0000000708000000, 0x0000000708000000| Untracked 
|  26|0x0000000708200000, 0x0000000708200000, 0x0000000708400000|  0%| F|  |TAMS 0x0000000708200000, 0x0000000708200000| Untracked 
|  27|0x0000000708400000, 0x0000000708581e90, 0x0000000708600000| 75%| E|  |TAMS 0x0000000708400000, 0x0000000708400000| Complete 
|  28|0x0000000708600000, 0x0000000708800000, 0x0000000708800000|100%| E|CS|TAMS 0x0000000708600000, 0x0000000708600000| Complete 
|  29|0x0000000708800000, 0x0000000708a00000, 0x0000000708a00000|100%| E|CS|TAMS 0x0000000708800000, 0x0000000708800000| Complete 
|  30|0x0000000708a00000, 0x0000000708c00000, 0x0000000708c00000|100%| E|CS|TAMS 0x0000000708a00000, 0x0000000708a00000| Complete 
|  31|0x0000000708c00000, 0x0000000708e00000, 0x0000000708e00000|100%| E|CS|TAMS 0x0000000708c00000, 0x0000000708c00000| Complete 
| 108|0x0000000712600000, 0x0000000712800000, 0x0000000712800000|100%| E|CS|TAMS 0x0000000712600000, 0x0000000712600000| Complete 
| 109|0x0000000712800000, 0x0000000712a00000, 0x0000000712a00000|100%| E|CS|TAMS 0x0000000712800000, 0x0000000712800000| Complete 
| 110|0x0000000712a00000, 0x0000000712c00000, 0x0000000712c00000|100%| E|CS|TAMS 0x0000000712a00000, 0x0000000712a00000| Complete 
| 111|0x0000000712c00000, 0x0000000712e00000, 0x0000000712e00000|100%| E|CS|TAMS 0x0000000712c00000, 0x0000000712c00000| Complete 
| 125|0x0000000714800000, 0x0000000714a00000, 0x0000000714a00000|100%| E|CS|TAMS 0x0000000714800000, 0x0000000714800000| Complete 

Card table byte_map: [0x000001e17f4d0000,0x000001e17fcb0000] _byte_map_base: 0x000001e17bca9000

Marking Bits (Prev, Next): (CMBitMap*) 0x000001e176ca90b0, (CMBitMap*) 0x000001e176ca90f0
 Prev Bits: [0x000001e10f7e0000, 0x000001e1136a8000)
 Next Bits: [0x000001e1136b0000, 0x000001e117578000)

Polling page: 0x000001e174bc0000

Metaspace:

Usage:
  Non-class:     60.98 MB used.
      Class:      8.85 MB used.
       Both:     69.83 MB used.

Virtual space:
  Non-class space:       64.00 MB reserved,      61.25 MB ( 96%) committed,  1 nodes.
      Class space:        1.00 GB reserved,       9.06 MB ( <1%) committed,  1 nodes.
             Both:        1.06 GB reserved,      70.31 MB (  6%) committed. 

Chunk freelists:
   Non-Class:  2.78 MB
       Class:  6.88 MB
        Both:  9.66 MB

MaxMetaspaceSize: unlimited
CompressedClassSpaceSize: 1.00 GB
Initial GC threshold: 21.00 MB
Current GC threshold: 112.62 MB
CDS: on
MetaspaceReclaimPolicy: balanced
 - commit_granule_bytes: 65536.
 - commit_granule_words: 8192.
 - virtual_space_node_default_size: 8388608.
 - enlarge_chunks_in_place: 1.
 - new_chunks_are_fully_committed: 0.
 - uncommit_free_chunks: 1.
 - use_allocation_guard: 0.
 - handle_deallocations: 1.


Internal statistics:

num_allocs_failed_limit: 9.
num_arena_births: 666.
num_arena_deaths: 0.
num_vsnodes_births: 2.
num_vsnodes_deaths: 0.
num_space_committed: 1125.
num_space_uncommitted: 0.
num_chunks_returned_to_freelist: 9.
num_chunks_taken_from_freelist: 3101.
num_chunk_merges: 9.
num_chunk_splits: 2313.
num_chunks_enlarged: 1899.
num_inconsistent_stats: 0.

CodeHeap 'non-profiled nmethods': size=120000Kb used=3206Kb max_used=3206Kb free=116793Kb
 bounds [0x000001e107ad0000, 0x000001e107e00000, 0x000001e10f000000]
CodeHeap 'profiled nmethods': size=120000Kb used=11490Kb max_used=11490Kb free=108509Kb
 bounds [0x000001e100000000, 0x000001e100b40000, 0x000001e107530000]
CodeHeap 'non-nmethods': size=5760Kb used=1462Kb max_used=1543Kb free=4297Kb
 bounds [0x000001e107530000, 0x000001e1077a0000, 0x000001e107ad0000]
 total_blobs=6503 nmethods=5679 adapters=736
 compilation: enabled
              stopped_count=0, restarted_count=0
 full_count=0

Compilation events (20 events):
Event: 48.661 Thread 0x000001e17fe7d580 nmethod 6416 0x000001e107df0610 code [0x000001e107df07a0, 0x000001e107df0878]
Event: 48.661 Thread 0x000001e17fe7d580 6417       3       org.springframework.transaction.annotation.SpringTransactionAnnotationParser::parseTransactionAnnotation (21 bytes)
Event: 48.661 Thread 0x000001e17fe7d580 nmethod 6417 0x000001e100b13d90 code [0x000001e100b13f60, 0x000001e100b14158]
Event: 48.661 Thread 0x000001e17fe7d580 6418       3       org.springframework.transaction.annotation.JtaTransactionAnnotationParser::parseTransactionAnnotation (19 bytes)
Event: 48.662 Thread 0x000001e17fe7d580 nmethod 6418 0x000001e100b14210 code [0x000001e100b143e0, 0x000001e100b145d8]
Event: 48.662 Thread 0x000001e17fe7d580 6420       3       org.springframework.transaction.annotation.AnnotationTransactionAttributeSource::findTransactionAttribute (6 bytes)
Event: 48.662 Thread 0x000001e17fe7d580 nmethod 6420 0x000001e100b14690 code [0x000001e100b14840, 0x000001e100b14a08]
Event: 48.662 Thread 0x000001e17fe7d580 6421       3       org.springframework.transaction.annotation.AnnotationTransactionAttributeSource::findTransactionAttribute (6 bytes)
Event: 48.662 Thread 0x000001e17fe7d580 nmethod 6421 0x000001e100b14b10 code [0x000001e100b14cc0, 0x000001e100b14e88]
Event: 48.666 Thread 0x000001e17fe7d580 6422       1       org.springframework.beans.factory.config.InstantiationAwareBeanPostProcessor::postProcessAfterInstantiation (2 bytes)
Event: 48.667 Thread 0x000001e17fe7d580 nmethod 6422 0x000001e107df0910 code [0x000001e107df0aa0, 0x000001e107df0b78]
Event: 48.667 Thread 0x000001e17fe7d580 6423       3       org.springframework.transaction.interceptor.TransactionAttributeSourcePointcut::matches (27 bytes)
Event: 48.667 Thread 0x000001e17fe7d580 nmethod 6423 0x000001e100b14f90 code [0x000001e100b15140, 0x000001e100b15488]
Event: 48.667 Thread 0x000001e17fe7d580 6424       3       org.springframework.transaction.interceptor.AbstractFallbackTransactionAttributeSource::hasTransactionAttribute (16 bytes)
Event: 48.667 Thread 0x000001e17fe7d580 nmethod 6424 0x000001e100b15590 code [0x000001e100b15740, 0x000001e100b158c8]
Event: 48.673 Thread 0x000001e17fe7d580 6426       3       org.springframework.context.annotation.CommonAnnotationBeanPostProcessor$$Lambda$1812/0x000001e11b8f17c8::doWith (17 bytes)
Event: 48.674 Thread 0x000001e17fe7d580 nmethod 6426 0x000001e100b15990 code [0x000001e100b15b40, 0x000001e100b15ca8]
Event: 48.674 Thread 0x000001e17fe7d580 6427       3       org.springframework.context.annotation.CommonAnnotationBeanPostProcessor::lambda$buildResourceMetadata$1 (363 bytes)
Event: 49.681 Thread 0x000001e17fe7d580 nmethod 6427 0x000001e100b15d90 code [0x000001e100b16100, 0x000001e100b175a8]
Event: 49.682 Thread 0x000001e17fe7d580 6431       3       org.springframework.beans.factory.annotation.InitDestroyAnnotationBeanPostProcessor::lambda$buildLifecycleMetadata$1 (207 bytes)

GC Heap History (20 events):
Event: 17.064 GC heap before
{Heap before GC invocations=8 (full 0):
 garbage-first heap   total 75776K, used 32771K [0x0000000704e00000, 0x0000000800000000)
  region size 2048K, 7 young (14336K), 1 survivors (2048K)
 Metaspace       used 35678K, committed 35968K, reserved 1114112K
  class space    used 4308K, committed 4480K, reserved 1048576K
}
Event: 17.070 GC heap after
{Heap after GC invocations=9 (full 0):
 garbage-first heap   total 75776K, used 23625K [0x0000000704e00000, 0x0000000800000000)
  region size 2048K, 2 young (4096K), 2 survivors (4096K)
 Metaspace       used 35678K, committed 35968K, reserved 1114112K
  class space    used 4308K, committed 4480K, reserved 1048576K
}
Event: 18.889 GC heap before
{Heap before GC invocations=10 (full 0):
 garbage-first heap   total 75776K, used 50249K [0x0000000704e00000, 0x0000000800000000)
  region size 2048K, 15 young (30720K), 2 survivors (4096K)
 Metaspace       used 40700K, committed 41024K, reserved 1114112K
  class space    used 4912K, committed 5056K, reserved 1048576K
}
Event: 18.901 GC heap after
{Heap after GC invocations=11 (full 0):
 garbage-first heap   total 75776K, used 26487K [0x0000000704e00000, 0x0000000800000000)
  region size 2048K, 2 young (4096K), 2 survivors (4096K)
 Metaspace       used 40700K, committed 41024K, reserved 1114112K
  class space    used 4912K, committed 5056K, reserved 1048576K
}
Event: 23.815 GC heap before
{Heap before GC invocations=11 (full 0):
 garbage-first heap   total 75776K, used 55159K [0x0000000704e00000, 0x0000000800000000)
  region size 2048K, 16 young (32768K), 2 survivors (4096K)
 Metaspace       used 47319K, committed 47680K, reserved 1114112K
  class space    used 5644K, committed 5824K, reserved 1048576K
}
Event: 23.823 GC heap after
{Heap after GC invocations=12 (full 0):
 garbage-first heap   total 75776K, used 27376K [0x0000000704e00000, 0x0000000800000000)
  region size 2048K, 1 young (2048K), 1 survivors (2048K)
 Metaspace       used 47319K, committed 47680K, reserved 1114112K
  class space    used 5644K, committed 5824K, reserved 1048576K
}
Event: 26.091 GC heap before
{Heap before GC invocations=12 (full 0):
 garbage-first heap   total 75776K, used 56048K [0x0000000704e00000, 0x0000000800000000)
  region size 2048K, 15 young (30720K), 1 survivors (2048K)
 Metaspace       used 53149K, committed 53568K, reserved 1114112K
  class space    used 6386K, committed 6592K, reserved 1048576K
}
Event: 26.098 GC heap after
{Heap after GC invocations=13 (full 0):
 garbage-first heap   total 75776K, used 29169K [0x0000000704e00000, 0x0000000800000000)
  region size 2048K, 2 young (4096K), 2 survivors (4096K)
 Metaspace       used 53149K, committed 53568K, reserved 1114112K
  class space    used 6386K, committed 6592K, reserved 1048576K
}
Event: 28.312 GC heap before
{Heap before GC invocations=13 (full 0):
 garbage-first heap   total 75776K, used 53745K [0x0000000704e00000, 0x0000000800000000)
  region size 2048K, 15 young (30720K), 2 survivors (4096K)
 Metaspace       used 58679K, committed 59200K, reserved 1114112K
  class space    used 7230K, committed 7488K, reserved 1048576K
}
Event: 28.317 GC heap after
{Heap after GC invocations=14 (full 0):
 garbage-first heap   total 75776K, used 31152K [0x0000000704e00000, 0x0000000800000000)
  region size 2048K, 2 young (4096K), 2 survivors (4096K)
 Metaspace       used 58679K, committed 59200K, reserved 1114112K
  class space    used 7230K, committed 7488K, reserved 1048576K
}
Event: 28.524 GC heap before
{Heap before GC invocations=14 (full 0):
 garbage-first heap   total 75776K, used 37296K [0x0000000704e00000, 0x0000000800000000)
  region size 2048K, 6 young (12288K), 2 survivors (4096K)
 Metaspace       used 59657K, committed 60160K, reserved 1114112K
  class space    used 7365K, committed 7616K, reserved 1048576K
}
Event: 28.531 GC heap after
{Heap after GC invocations=15 (full 0):
 garbage-first heap   total 75776K, used 31418K [0x0000000704e00000, 0x0000000800000000)
  region size 2048K, 2 young (4096K), 2 survivors (4096K)
 Metaspace       used 59657K, committed 60160K, reserved 1114112K
  class space    used 7365K, committed 7616K, reserved 1048576K
}
Event: 30.750 GC heap before
{Heap before GC invocations=16 (full 0):
 garbage-first heap   total 75776K, used 55994K [0x0000000704e00000, 0x0000000800000000)
  region size 2048K, 14 young (28672K), 2 survivors (4096K)
 Metaspace       used 63045K, committed 63488K, reserved 1114112K
  class space    used 7911K, committed 8128K, reserved 1048576K
}
Event: 30.759 GC heap after
{Heap after GC invocations=17 (full 0):
 garbage-first heap   total 75776K, used 33397K [0x0000000704e00000, 0x0000000800000000)
  region size 2048K, 2 young (4096K), 2 survivors (4096K)
 Metaspace       used 63045K, committed 63488K, reserved 1114112K
  class space    used 7911K, committed 8128K, reserved 1048576K
}
Event: 37.165 GC heap before
{Heap before GC invocations=17 (full 0):
 garbage-first heap   total 75776K, used 57973K [0x0000000704e00000, 0x0000000800000000)
  region size 2048K, 14 young (28672K), 2 survivors (4096K)
 Metaspace       used 64550K, committed 65024K, reserved 1114112K
  class space    used 8081K, committed 8320K, reserved 1048576K
}
Event: 37.179 GC heap after
{Heap after GC invocations=18 (full 0):
 garbage-first heap   total 75776K, used 35858K [0x0000000704e00000, 0x0000000800000000)
  region size 2048K, 2 young (4096K), 2 survivors (4096K)
 Metaspace       used 64550K, committed 65024K, reserved 1114112K
  class space    used 8081K, committed 8320K, reserved 1048576K
}
Event: 40.969 GC heap before
{Heap before GC invocations=18 (full 0):
 garbage-first heap   total 75776K, used 58386K [0x0000000704e00000, 0x0000000800000000)
  region size 2048K, 13 young (26624K), 2 survivors (4096K)
 Metaspace       used 66452K, committed 67008K, reserved 1114112K
  class space    used 8325K, committed 8576K, reserved 1048576K
}
Event: 40.991 GC heap after
{Heap after GC invocations=19 (full 0):
 garbage-first heap   total 75776K, used 37864K [0x0000000704e00000, 0x0000000800000000)
  region size 2048K, 1 young (2048K), 1 survivors (2048K)
 Metaspace       used 66452K, committed 67008K, reserved 1114112K
  class space    used 8325K, committed 8576K, reserved 1048576K
}
Event: 45.702 GC heap before
{Heap before GC invocations=19 (full 0):
 garbage-first heap   total 75776K, used 60392K [0x0000000704e00000, 0x0000000800000000)
  region size 2048K, 12 young (24576K), 1 survivors (2048K)
 Metaspace       used 68657K, committed 69184K, reserved 1114112K
  class space    used 8646K, committed 8896K, reserved 1048576K
}
Event: 45.710 GC heap after
{Heap after GC invocations=20 (full 0):
 garbage-first heap   total 75776K, used 39114K [0x0000000704e00000, 0x0000000800000000)
  region size 2048K, 2 young (4096K), 2 survivors (4096K)
 Metaspace       used 68657K, committed 69184K, reserved 1114112K
  class space    used 8646K, committed 8896K, reserved 1048576K
}

Dll operation events (12 events):
Event: 0.022 Loaded shared library C:\Program Files\Eclipse Adoptium\jdk-17.0.18.8-hotspot\bin\java.dll
Event: 0.059 Loaded shared library C:\Program Files\Eclipse Adoptium\jdk-17.0.18.8-hotspot\bin\jsvml.dll
Event: 0.124 Loaded shared library C:\Program Files\Eclipse Adoptium\jdk-17.0.18.8-hotspot\bin\net.dll
Event: 0.131 Loaded shared library C:\Program Files\Eclipse Adoptium\jdk-17.0.18.8-hotspot\bin\nio.dll
Event: 0.140 Loaded shared library C:\Program Files\Eclipse Adoptium\jdk-17.0.18.8-hotspot\bin\zip.dll
Event: 0.310 Loaded shared library C:\Program Files\Eclipse Adoptium\jdk-17.0.18.8-hotspot\bin\management.dll
Event: 0.344 Loaded shared library C:\Program Files\Eclipse Adoptium\jdk-17.0.18.8-hotspot\bin\management_ext.dll
Event: 0.502 Loaded shared library C:\Program Files\Eclipse Adoptium\jdk-17.0.18.8-hotspot\bin\jimage.dll
Event: 5.297 Loaded shared library C:\Program Files\Eclipse Adoptium\jdk-17.0.18.8-hotspot\bin\extnet.dll
Event: 11.369 Loaded shared library C:\Program Files\Eclipse Adoptium\jdk-17.0.18.8-hotspot\bin\sunmscapi.dll
Event: 12.201 Loaded shared library C:\Users\msmor\AppData\Local\Temp\jffi16750814176729681071.dll
Event: 12.266 Loaded shared library C:\Program Files\Eclipse Adoptium\jdk-17.0.18.8-hotspot\bin\verify.dll

Deoptimization events (20 events):
Event: 47.396 Thread 0x000001e176c3a4f0 Uncommon trap: trap_request=0xffffff45 fr.pc=0x000001e107dd2208 relative=0x0000000000002248
Event: 47.396 Thread 0x000001e176c3a4f0 Uncommon trap: reason=unstable_if action=reinterpret pc=0x000001e107dd2208 method=org.springframework.beans.factory.support.AbstractBeanFactory.isTypeMatch(Ljava/lang/String;Lorg/springframework/core/ResolvableType;Z)Z @ 79 c2
Event: 47.396 Thread 0x000001e176c3a4f0 DEOPT PACKING pc=0x000001e107dd2208 sp=0x00000041652fa280
Event: 47.396 Thread 0x000001e176c3a4f0 DEOPT UNPACKING pc=0x000001e1075869a3 sp=0x00000041652fa238 mode 2
Event: 47.458 Thread 0x000001e176c3a4f0 Uncommon trap: trap_request=0xfffffff4 fr.pc=0x000001e107de4c90 relative=0x00000000000001f0
Event: 47.458 Thread 0x000001e176c3a4f0 Uncommon trap: reason=null_check action=make_not_entrant pc=0x000001e107de4c90 method=java.lang.reflect.Method.equals(Ljava/lang/Object;)Z @ 1 c2
Event: 47.458 Thread 0x000001e176c3a4f0 DEOPT PACKING pc=0x000001e107de4c90 sp=0x00000041652fa390
Event: 47.458 Thread 0x000001e176c3a4f0 DEOPT UNPACKING pc=0x000001e1075869a3 sp=0x00000041652fa328 mode 2
Event: 47.527 Thread 0x000001e176c3a4f0 Uncommon trap: trap_request=0xffffffde fr.pc=0x000001e107cadc84 relative=0x0000000000001224
Event: 47.527 Thread 0x000001e176c3a4f0 Uncommon trap: reason=class_check action=maybe_recompile pc=0x000001e107cadc84 method=java.util.AbstractSet.hashCode()I @ 29 c2
Event: 47.527 Thread 0x000001e176c3a4f0 DEOPT PACKING pc=0x000001e107cadc84 sp=0x00000041652fa280
Event: 47.527 Thread 0x000001e176c3a4f0 DEOPT UNPACKING pc=0x000001e1075869a3 sp=0x00000041652fa240 mode 2
Event: 47.821 Thread 0x000001e176c3a4f0 Uncommon trap: trap_request=0xffffff54 fr.pc=0x000001e107dc052c relative=0x000000000000034c
Event: 47.821 Thread 0x000001e176c3a4f0 Uncommon trap: reason=speculate_null_assert action=make_not_entrant pc=0x000001e107dc052c method=org.springframework.core.SimpleAliasRegistry.canonicalName(Ljava/lang/String;)Ljava/lang/String; @ 17 c2
Event: 47.821 Thread 0x000001e176c3a4f0 DEOPT PACKING pc=0x000001e107dc052c sp=0x00000041652fbfb0
Event: 47.821 Thread 0x000001e176c3a4f0 DEOPT UNPACKING pc=0x000001e1075869a3 sp=0x00000041652fbef8 mode 2
Event: 49.686 Thread 0x000001e176c3a4f0 Uncommon trap: trap_request=0xffffffde fr.pc=0x000001e107bc1e74 relative=0x0000000000000154
Event: 49.687 Thread 0x000001e176c3a4f0 Uncommon trap: reason=class_check action=maybe_recompile pc=0x000001e107bc1e74 method=java.lang.reflect.Array.newInstance(Ljava/lang/Class;I)Ljava/lang/Object; @ 2 c2
Event: 49.687 Thread 0x000001e176c3a4f0 DEOPT PACKING pc=0x000001e107bc1e74 sp=0x00000041652f93a0
Event: 49.687 Thread 0x000001e176c3a4f0 DEOPT UNPACKING pc=0x000001e1075869a3 sp=0x00000041652f9338 mode 2

Classes loaded (20 events):
Event: 46.207 Loading class java/util/AbstractList$RandomAccessSubList
Event: 46.208 Loading class java/util/AbstractList$SubList
Event: 46.211 Loading class java/util/AbstractList$SubList done
Event: 46.211 Loading class java/util/AbstractList$RandomAccessSubList done
Event: 46.211 Loading class java/util/AbstractList$SubList$1
Event: 46.211 Loading class java/util/AbstractList$SubList$1 done
Event: 46.219 Loading class java/lang/invoke/MethodHandleImpl$CountingWrapper
Event: 46.222 Loading class java/lang/invoke/MethodHandleImpl$CountingWrapper done
Event: 46.288 Loading class java/util/DualPivotQuicksort
Event: 46.294 Loading class java/util/DualPivotQuicksort done
Event: 46.374 Loading class jdk/internal/reflect/UnsafeStaticObjectFieldAccessorImpl
Event: 46.375 Loading class jdk/internal/reflect/UnsafeStaticObjectFieldAccessorImpl done
Event: 46.992 Loading class javax/naming/NameNotFoundException
Event: 46.996 Loading class javax/naming/NameNotFoundException done
Event: 47.570 Loading class java/util/concurrent/Flow$Subscription
Event: 47.572 Loading class java/util/concurrent/Flow$Subscription done
Event: 47.573 Loading class java/util/concurrent/Flow$Publisher
Event: 47.573 Loading class java/util/concurrent/Flow$Publisher done
Event: 47.573 Loading class java/util/concurrent/Flow$Subscriber
Event: 47.573 Loading class java/util/concurrent/Flow$Subscriber done

Classes unloaded (0 events):
No events

Classes redefined (0 events):
No events

Internal exceptions (20 events):
Event: 29.811 Thread 0x000001e161d67d70 Exception <a 'java/lang/IncompatibleClassChangeError'{0x000000070814bbb0}: Found class java.lang.Object, but interface was expected> (0x000000070814bbb0) 
thrown [s\src\hotspot\share\interpreter\linkResolver.cpp, line 826]
Event: 36.419 Thread 0x000001e176c3a4f0 Exception <a 'java/lang/IncompatibleClassChangeError'{0x000000070826c7c8}: Found class java.lang.Object, but interface was expected> (0x000000070826c7c8) 
thrown [s\src\hotspot\share\interpreter\linkResolver.cpp, line 826]
Event: 45.878 Thread 0x000001e176c3a4f0 Implicit null exception at 0x000001e107bb2abd to 0x000001e107bb2b7a
Event: 46.100 Thread 0x000001e176c3a4f0 Exception <a 'java/lang/NoSuchMethodError'{0x0000000712c30810}: 'java.lang.Object java.lang.invoke.DirectMethodHandle$Holder.invokeSpecial(java.lang.Object, java.lang.Object, java.lang.Object, java.lang.Object, java.lang.Object, java.lang.Object, java.lang.Object, java.lang.Object, java.lang.Object, java.lang.Object, java.lang.Object, java.lang.Object, java.lang.Object, java.lang.Object)'> (0x0000000712c30810) 
thrown [s\src\hotspot\share\interpreter\linkResolver.cpp, line 759]
Event: 46.104 Thread 0x000001e176c3a4f0 Exception <a 'java/lang/NoSuchMethodError'{0x0000000712c35c90}: 'java.lang.Object java.lang.invoke.Invokers$Holder.invoker(java.lang.Object, java.lang.Object, java.lang.Object, java.lang.Object, java.lang.Object, java.lang.Object, java.lang.Object, java.lang.Object, java.lang.Object, java.lang.Object, java.lang.Object, java.lang.Object, java.lang.Object, java.lang.Object)'> (0x0000000712c35c90) 
thrown [s\src\hotspot\share\interpreter\linkResolver.cpp, line 759]
Event: 46.105 Thread 0x000001e176c3a4f0 Exception <a 'java/lang/NoSuchMethodError'{0x0000000712c3b8a8}: 'java.lang.Object java.lang.invoke.DirectMethodHandle$Holder.invokeSpecial(java.lang.Object, java.lang.Object, java.lang.Object, java.lang.Object, java.lang.Object, java.lang.Object, java.lang.Object, java.lang.Object, java.lang.Object, java.lang.Object, java.lang.Object, java.lang.Object, java.lang.Object, java.lang.Object, java.lang.Object)'> (0x0000000712c3b8a8) 
thrown [s\src\hotspot\share\interpreter\linkResolver.cpp, line 759]
Event: 46.109 Thread 0x000001e176c3a4f0 Exception <a 'java/lang/NoSuchMethodError'{0x0000000712c47dc8}: 'int java.lang.invoke.DirectMethodHandle$Holder.invokeSpecial(java.lang.Object, java.lang.Object, int)'> (0x0000000712c47dc8) 
thrown [s\src\hotspot\share\interpreter\linkResolver.cpp, line 759]
Event: 46.213 Thread 0x000001e176c3a4f0 Exception <a 'java/lang/NoSuchMethodError'{0x0000000712d11f10}: 'java.lang.Object java.lang.invoke.DirectMethodHandle$Holder.invokeSpecial(java.lang.Object, java.lang.Object, int, java.lang.Object, java.lang.Object)'> (0x0000000712d11f10) 
thrown [s\src\hotspot\share\interpreter\linkResolver.cpp, line 759]
Event: 46.218 Thread 0x000001e176c3a4f0 Exception <a 'java/lang/NoSuchMethodError'{0x0000000712d160c0}: 'java.lang.Object java.lang.invoke.DelegatingMethodHandle$Holder.delegate(java.lang.Object, int, java.lang.Object, java.lang.Object)'> (0x0000000712d160c0) 
thrown [s\src\hotspot\share\interpreter\linkResolver.cpp, line 759]
Event: 46.230 Thread 0x000001e176c3a4f0 Exception <a 'java/lang/NoSuchMethodError'{0x0000000712d27720}: 'int java.lang.invoke.Invokers$Holder.linkToTargetMethod(java.lang.Object, java.lang.Object, java.lang.Object)'> (0x0000000712d27720) 
thrown [s\src\hotspot\share\interpreter\linkResolver.cpp, line 759]
Event: 46.518 Thread 0x000001e176c3a4f0 Exception <a 'java/lang/NoClassDefFoundError'{0x0000000712bf1140}: org/flywaydb/core/Flyway> (0x0000000712bf1140) 
thrown [s\src\hotspot\share\classfile\systemDictionary.cpp, line 245]
Event: 46.519 Thread 0x000001e176c3a4f0 Exception <a 'java/lang/NoClassDefFoundError'{0x0000000712bf4860}: liquibase/integration/spring/SpringLiquibase> (0x0000000712bf4860) 
thrown [s\src\hotspot\share\classfile\systemDictionary.cpp, line 245]
Event: 46.542 Thread 0x000001e176c3a4f0 Exception <a 'java/lang/NoClassDefFoundError'{0x000000071284b8f8}: org/jooq/DSLContext> (0x000000071284b8f8) 
thrown [s\src\hotspot\share\classfile\systemDictionary.cpp, line 245]
Event: 46.663 Thread 0x000001e176c3a4f0 Exception <a 'java/lang/NoClassDefFoundError'{0x0000000712692fb8}: org/springframework/batch/core/repository/JobRepository> (0x0000000712692fb8) 
thrown [s\src\hotspot\share\classfile\systemDictionary.cpp, line 245]
Event: 46.664 Thread 0x000001e176c3a4f0 Exception <a 'java/lang/NoClassDefFoundError'{0x0000000712696270}: org/quartz/Scheduler> (0x0000000712696270) 
thrown [s\src\hotspot\share\classfile\systemDictionary.cpp, line 245]
Event: 46.664 Thread 0x000001e176c3a4f0 Exception <a 'java/lang/NoClassDefFoundError'{0x0000000712699bd8}: org/springframework/session/jdbc/JdbcIndexedSessionRepository> (0x0000000712699bd8) 
thrown [s\src\hotspot\share\classfile\systemDictionary.cpp, line 245]
Event: 47.147 Thread 0x000001e176c3a4f0 Exception <a 'java/lang/IncompatibleClassChangeError'{0x0000000708a14e08}: Found class java.lang.Object, but interface was expected> (0x0000000708a14e08) 
thrown [s\src\hotspot\share\interpreter\linkResolver.cpp, line 826]
Event: 47.458 Thread 0x000001e176c3a4f0 Implicit null exception at 0x000001e107de4acc to 0x000001e107de4c82
Event: 48.557 Thread 0x000001e176c3a4f0 Exception <a 'java/lang/NoSuchMethodError'{0x000000070870ad68}: 'void java.lang.invoke.DirectMethodHandle$Holder.invokeVirtual(java.lang.Object, java.lang.Object, int)'> (0x000000070870ad68) 
thrown [s\src\hotspot\share\interpreter\linkResolver.cpp, line 759]
Event: 48.595 Thread 0x000001e176c3a4f0 Exception <a 'java/lang/NoSuchMethodError'{0x00000007087369d0}: 'void java.lang.invoke.DirectMethodHandle$Holder.invokeVirtual(java.lang.Object, java.lang.Object, long)'> (0x00000007087369d0) 
thrown [s\src\hotspot\share\interpreter\linkResolver.cpp, line 759]

VM Operations (20 events):
Event: 44.187 Executing VM operation: HandshakeAllThreads
Event: 44.187 Executing VM operation: HandshakeAllThreads done
Event: 44.791 Executing VM operation: HandshakeAllThreads
Event: 44.792 Executing VM operation: HandshakeAllThreads done
Event: 45.702 Executing VM operation: G1CollectForAllocation
Event: 45.710 Executing VM operation: G1CollectForAllocation done
Event: 45.770 Executing VM operation: G1PauseRemark
Event: 45.778 Executing VM operation: G1PauseRemark done
Event: 45.793 Executing VM operation: G1PauseCleanup
Event: 45.793 Executing VM operation: G1PauseCleanup done
Event: 46.130 Executing VM operation: HandshakeAllThreads
Event: 46.130 Executing VM operation: HandshakeAllThreads done
Event: 46.151 Executing VM operation: HandshakeAllThreads
Event: 46.151 Executing VM operation: HandshakeAllThreads done
Event: 47.155 Executing VM operation: Cleanup
Event: 47.155 Executing VM operation: Cleanup done
Event: 48.156 Executing VM operation: Cleanup
Event: 48.381 Executing VM operation: Cleanup done
Event: 49.396 Executing VM operation: Cleanup
Event: 49.682 Executing VM operation: Cleanup done

Memory protections (0 events):
No events

Nmethod flushes (20 events):
Event: 28.190 Thread 0x000001e17fe88270 flushing  nmethod 0x000001e100759f90
Event: 28.190 Thread 0x000001e17fe88270 flushing  nmethod 0x000001e10075b590
Event: 28.190 Thread 0x000001e17fe88270 flushing  nmethod 0x000001e10075c710
Event: 28.190 Thread 0x000001e17fe88270 flushing  nmethod 0x000001e100793290
Event: 28.190 Thread 0x000001e17fe88270 flushing  nmethod 0x000001e1007a5910
Event: 28.191 Thread 0x000001e17fe88270 flushing  nmethod 0x000001e1007bfe90
Event: 28.191 Thread 0x000001e17fe88270 flushing  nmethod 0x000001e1007c9710
Event: 28.191 Thread 0x000001e17fe88270 flushing  nmethod 0x000001e1007ffd90
Event: 28.191 Thread 0x000001e17fe88270 flushing  nmethod 0x000001e10081f410
Event: 28.191 Thread 0x000001e17fe88270 flushing  nmethod 0x000001e10083dd90
Event: 28.191 Thread 0x000001e17fe88270 flushing  nmethod 0x000001e100840890
Event: 28.191 Thread 0x000001e17fe88270 flushing  nmethod 0x000001e100840c90
Event: 28.191 Thread 0x000001e17fe88270 flushing  nmethod 0x000001e100855490
Event: 28.191 Thread 0x000001e17fe88270 flushing  nmethod 0x000001e100855c90
Event: 28.191 Thread 0x000001e17fe88270 flushing  nmethod 0x000001e100857b90
Event: 28.191 Thread 0x000001e17fe88270 flushing  nmethod 0x000001e10085ea10
Event: 28.191 Thread 0x000001e17fe88270 flushing  nmethod 0x000001e10085fc90
Event: 28.191 Thread 0x000001e17fe88270 flushing  nmethod 0x000001e100869c90
Event: 28.191 Thread 0x000001e17fe88270 flushing  nmethod 0x000001e100898310
Event: 28.191 Thread 0x000001e17fe88270 flushing  nmethod 0x000001e1008be810

Events (20 events):
Event: 20.356 Thread 0x000001e176c3a4f0 Thread added: 0x000001e1603ec0b0
Event: 23.975 Thread 0x000001e176c3a4f0 Thread added: 0x000001e1603ecad0
Event: 24.005 Thread 0x000001e176c3a4f0 Thread added: 0x000001e161d67860
Event: 24.204 Thread 0x000001e176c3a4f0 Thread added: 0x000001e161d66930
Event: 28.103 Thread 0x000001e176c3a4f0 Thread added: 0x000001e161d67d70
Event: 28.396 Thread 0x000001e1603ec0b0 Thread exited: 0x000001e1603ec0b0
Event: 28.417 Thread 0x000001e1603ecfe0 Thread exited: 0x000001e1603ecfe0
Event: 30.193 Thread 0x000001e161d67d70 Thread exited: 0x000001e161d67d70
Event: 36.506 Thread 0x000001e176c3a4f0 Thread added: 0x000001e161d64fe0
Event: 37.079 Thread 0x000001e161d64fe0 Thread exited: 0x000001e161d64fe0
Event: 40.280 Thread 0x000001e17fe7d580 Thread added: 0x000001e1613be640
Event: 40.614 Thread 0x000001e1613be640 Thread exited: 0x000001e1613be640
Event: 42.328 Thread 0x000001e17fe7d580 Thread added: 0x000001e1613c10c0
Event: 43.066 Thread 0x000001e1613c10c0 Thread exited: 0x000001e1613c10c0
Event: 45.027 Thread 0x000001e17fe7d580 Thread added: 0x000001e1613be640
Event: 45.365 Thread 0x000001e1613be640 Thread exited: 0x000001e1613be640
Event: 45.577 Thread 0x000001e17fe7d580 Thread added: 0x000001e1613bf630
Event: 46.203 Thread 0x000001e1613bf630 Thread exited: 0x000001e1613bf630
Event: 46.614 Thread 0x000001e17fe7d580 Thread added: 0x000001e1613c1610
Event: 47.860 Thread 0x000001e17fe7d580 Thread added: 0x000001e1613be0f0


Dynamic libraries:
0x00007ff7cfde0000 - 0x00007ff7cfdee000 	C:\Program Files\Eclipse Adoptium\jdk-17.0.18.8-hotspot\bin\java.exe
0x00007ffcea460000 - 0x00007ffcea6c7000 	C:\WINDOWS\SYSTEM32\ntdll.dll
0x00007ffce89b0000 - 0x00007ffce8a79000 	C:\WINDOWS\System32\KERNEL32.DLL
0x00007ffce7b10000 - 0x00007ffce7f01000 	C:\WINDOWS\System32\KERNELBASE.dll
0x00007ffce70a0000 - 0x00007ffce71eb000 	C:\WINDOWS\System32\ucrtbase.dll
0x00007ffccdfb0000 - 0x00007ffccdfce000 	C:\Program Files\Eclipse Adoptium\jdk-17.0.18.8-hotspot\bin\VCRUNTIME140.dll
0x00007ffccdf90000 - 0x00007ffccdfa8000 	C:\Program Files\Eclipse Adoptium\jdk-17.0.18.8-hotspot\bin\jli.dll
0x00007ffce9ae0000 - 0x00007ffce9ca5000 	C:\WINDOWS\System32\USER32.dll
0x00007ffce6f20000 - 0x00007ffce6f47000 	C:\WINDOWS\System32\win32u.dll
0x00007ffce9520000 - 0x00007ffce954b000 	C:\WINDOWS\System32\GDI32.dll
0x00007ffcba5d0000 - 0x00007ffcba863000 	C:\WINDOWS\WinSxS\amd64_microsoft.windows.common-controls_6595b64144ccf1df_6.0.26100.8037_none_3e092faae333b53b\COMCTL32.dll
0x00007ffce6d40000 - 0x00007ffce6e6b000 	C:\WINDOWS\System32\gdi32full.dll
0x00007ffce7a60000 - 0x00007ffce7b03000 	C:\WINDOWS\System32\msvcp_win.dll
0x00007ffce8c10000 - 0x00007ffce8cb9000 	C:\WINDOWS\System32\msvcrt.dll
0x00007ffce86b0000 - 0x00007ffce86e1000 	C:\WINDOWS\System32\IMM32.DLL
0x00007ffcce970000 - 0x00007ffcce97c000 	C:\Program Files\Eclipse Adoptium\jdk-17.0.18.8-hotspot\bin\vcruntime140_1.dll
0x00007ffc897c0000 - 0x00007ffc8984d000 	C:\Program Files\Eclipse Adoptium\jdk-17.0.18.8-hotspot\bin\msvcp140.dll
0x00007ffbf9670000 - 0x00007ffbfa2db000 	C:\Program Files\Eclipse Adoptium\jdk-17.0.18.8-hotspot\bin\server\jvm.dll
0x00007ffce88f0000 - 0x00007ffce89ab000 	C:\WINDOWS\System32\ADVAPI32.dll
0x00007ffce8cc0000 - 0x00007ffce8d67000 	C:\WINDOWS\System32\sechost.dll
0x00007ffce8210000 - 0x00007ffce8328000 	C:\WINDOWS\System32\RPCRT4.dll
0x00007ffce86f0000 - 0x00007ffce8764000 	C:\WINDOWS\System32\WS2_32.dll
0x00007ffce6ba0000 - 0x00007ffce6bfe000 	C:\WINDOWS\SYSTEM32\POWRPROF.dll
0x00007ffce1c00000 - 0x00007ffce1c35000 	C:\WINDOWS\SYSTEM32\WINMM.dll
0x00007ffcd5580000 - 0x00007ffcd558b000 	C:\WINDOWS\SYSTEM32\VERSION.dll
0x00007ffce6b80000 - 0x00007ffce6b94000 	C:\WINDOWS\SYSTEM32\UMPDC.dll
0x00007ffce5a90000 - 0x00007ffce5aab000 	C:\WINDOWS\SYSTEM32\kernel.appcore.dll
0x00007ffcce8b0000 - 0x00007ffcce8ba000 	C:\Program Files\Eclipse Adoptium\jdk-17.0.18.8-hotspot\bin\jimage.dll
0x00007ffce4c90000 - 0x00007ffce4ed2000 	C:\WINDOWS\SYSTEM32\DBGHELP.DLL
0x00007ffce9190000 - 0x00007ffce9512000 	C:\WINDOWS\System32\combase.dll
0x00007ffce8810000 - 0x00007ffce88e7000 	C:\WINDOWS\System32\OLEAUT32.dll
0x00007ffcbd520000 - 0x00007ffcbd55b000 	C:\WINDOWS\SYSTEM32\dbgcore.DLL
0x00007ffce6e70000 - 0x00007ffce6f15000 	C:\WINDOWS\System32\bcryptPrimitives.dll
0x00007ffccde10000 - 0x00007ffccde35000 	C:\Program Files\Eclipse Adoptium\jdk-17.0.18.8-hotspot\bin\java.dll
0x00007ffc64190000 - 0x00007ffc64267000 	C:\Program Files\Eclipse Adoptium\jdk-17.0.18.8-hotspot\bin\jsvml.dll
0x00007ffce9cb0000 - 0x00007ffcea40f000 	C:\WINDOWS\System32\SHELL32.dll
0x00007ffce8090000 - 0x00007ffce81fa000 	C:\WINDOWS\System32\wintypes.dll
0x00007ffce71f0000 - 0x00007ffce7a54000 	C:\WINDOWS\System32\windows.storage.dll
0x00007ffce8b00000 - 0x00007ffce8bf7000 	C:\WINDOWS\System32\SHCORE.dll
0x00007ffce9a70000 - 0x00007ffce9ad7000 	C:\WINDOWS\System32\shlwapi.dll
0x00007ffce6c60000 - 0x00007ffce6c89000 	C:\WINDOWS\SYSTEM32\profapi.dll
0x00007ffccdf70000 - 0x00007ffccdf8a000 	C:\Program Files\Eclipse Adoptium\jdk-17.0.18.8-hotspot\bin\net.dll
0x00007ffcd8190000 - 0x00007ffcd82b7000 	C:\WINDOWS\SYSTEM32\WINHTTP.dll
0x00007ffce5fe0000 - 0x00007ffce604b000 	C:\WINDOWS\system32\mswsock.dll
0x00007ffccdbf0000 - 0x00007ffccdc06000 	C:\Program Files\Eclipse Adoptium\jdk-17.0.18.8-hotspot\bin\nio.dll
0x00007ffccd8a0000 - 0x00007ffccd8b8000 	C:\Program Files\Eclipse Adoptium\jdk-17.0.18.8-hotspot\bin\zip.dll
0x00007ffcce230000 - 0x00007ffcce23a000 	C:\Program Files\Eclipse Adoptium\jdk-17.0.18.8-hotspot\bin\management.dll
0x00007ffcce0a0000 - 0x00007ffcce0ac000 	C:\Program Files\Eclipse Adoptium\jdk-17.0.18.8-hotspot\bin\management_ext.dll
0x00007ffce8330000 - 0x00007ffce8338000 	C:\WINDOWS\System32\PSAPI.DLL
0x00007ffccdd40000 - 0x00007ffccdd49000 	C:\Program Files\Eclipse Adoptium\jdk-17.0.18.8-hotspot\bin\extnet.dll
0x00007ffce54c0000 - 0x00007ffce55ea000 	C:\WINDOWS\SYSTEM32\DNSAPI.dll
0x00007ffce5480000 - 0x00007ffce54b3000 	C:\WINDOWS\SYSTEM32\IPHLPAPI.DLL
0x00007ffce8200000 - 0x00007ffce820a000 	C:\WINDOWS\System32\NSI.dll
0x00007ffcde660000 - 0x00007ffcde66b000 	C:\Windows\System32\rasadhlp.dll
0x00007ffce06f0000 - 0x00007ffce0776000 	C:\WINDOWS\System32\fwpuclnt.dll
0x00007ffce63e0000 - 0x00007ffce63fb000 	C:\WINDOWS\SYSTEM32\CRYPTSP.dll
0x00007ffce59f0000 - 0x00007ffce5a29000 	C:\WINDOWS\system32\rsaenh.dll
0x00007ffce6090000 - 0x00007ffce60c2000 	C:\WINDOWS\SYSTEM32\USERENV.dll
0x00007ffce6c30000 - 0x00007ffce6c5a000 	C:\WINDOWS\SYSTEM32\bcrypt.dll
0x00007ffce6240000 - 0x00007ffce624c000 	C:\WINDOWS\SYSTEM32\CRYPTBASE.dll
0x00007ffce03b0000 - 0x00007ffce03cd000 	C:\WINDOWS\SYSTEM32\dhcpcsvc6.DLL
0x00007ffce0010000 - 0x00007ffce0033000 	C:\WINDOWS\SYSTEM32\dhcpcsvc.DLL
0x00007ffccdd90000 - 0x00007ffccdd9e000 	C:\Program Files\Eclipse Adoptium\jdk-17.0.18.8-hotspot\bin\sunmscapi.dll
0x00007ffce7f10000 - 0x00007ffce8087000 	C:\WINDOWS\System32\CRYPT32.dll
0x00007ffce6540000 - 0x00007ffce6570000 	C:\WINDOWS\SYSTEM32\ncrypt.dll
0x00007ffce64f0000 - 0x00007ffce652f000 	C:\WINDOWS\SYSTEM32\NTASN1.dll
0x00007ffca3480000 - 0x00007ffca3488000 	C:\WINDOWS\system32\wshunix.dll
0x000000006e4c0000 - 0x000000006e4df000 	C:\Users\msmor\AppData\Local\Temp\jffi16750814176729681071.dll
0x00007ffcce2d0000 - 0x00007ffcce2e0000 	C:\Program Files\Eclipse Adoptium\jdk-17.0.18.8-hotspot\bin\verify.dll
0x00007ffcb8e70000 - 0x00007ffcb8e88000 	C:\WINDOWS\system32\napinsp.dll
0x00007ffcb8de0000 - 0x00007ffcb8df2000 	C:\WINDOWS\System32\winrnr.dll
0x00007ffcb8d90000 - 0x00007ffcb8db2000 	C:\WINDOWS\system32\nlansp_c.dll
0x00007ffcd6480000 - 0x00007ffcd6496000 	C:\WINDOWS\system32\wshbth.dll

dbghelp: loaded successfully - version: 4.0.5 - missing functions: none
symbol engine: initialized successfully - sym options: 0x614 - pdb path: .;C:\Program Files\Eclipse Adoptium\jdk-17.0.18.8-hotspot\bin;C:\WINDOWS\SYSTEM32;C:\WINDOWS\WinSxS\amd64_microsoft.windows.common-controls_6595b64144ccf1df_6.0.26100.8037_none_3e092faae333b53b;C:\Program Files\Eclipse Adoptium\jdk-17.0.18.8-hotspot\bin\server;C:\Users\msmor\AppData\Local\Temp

VM Arguments:
java_command: C:\Users\msmor\AppData\Local\Temp\surefire13782350337554268974\surefirebooter-20260518174441426_3.jar C:\Users\msmor\AppData\Local\Temp\surefire13782350337554268974 2026-05-18T17-44-40_175-jvmRun1 surefire-20260518174441426_1tmp surefire_0-20260518174441426_2tmp
java_class_path (initial): C:\Users\msmor\AppData\Local\Temp\surefire13782350337554268974\surefirebooter-20260518174441426_3.jar
Launcher Type: SUN_STANDARD

[Global flags]
     intx CICompilerCount                          = 4                                         {product} {ergonomic}
     uint ConcGCThreads                            = 3                                         {product} {ergonomic}
     uint G1ConcRefinementThreads                  = 10                                        {product} {ergonomic}
   size_t G1HeapRegionSize                         = 2097152                                   {product} {ergonomic}
    uintx GCDrainStackTargetSize                   = 64                                        {product} {ergonomic}
   size_t InitialHeapSize                          = 264241152                                 {product} {ergonomic}
   size_t MarkStackSize                            = 4194304                                   {product} {ergonomic}
   size_t MaxHeapSize                              = 4213178368                                {product} {ergonomic}
   size_t MaxNewSize                               = 2527068160                                {product} {ergonomic}
   size_t MinHeapDeltaBytes                        = 2097152                                   {product} {ergonomic}
   size_t MinHeapSize                              = 8388608                                   {product} {ergonomic}
    uintx NonNMethodCodeHeapSize                   = 5839372                                {pd product} {ergonomic}
    uintx NonProfiledCodeHeapSize                  = 122909434                              {pd product} {ergonomic}
    uintx ProfiledCodeHeapSize                     = 122909434                              {pd product} {ergonomic}
    uintx ReservedCodeCacheSize                    = 251658240                              {pd product} {ergonomic}
     bool SegmentedCodeCache                       = true                                      {product} {ergonomic}
   size_t SoftMaxHeapSize                          = 4213178368                             {manageable} {ergonomic}
     bool UseCompressedClassPointers               = true                           {product lp64_product} {ergonomic}
     bool UseCompressedOops                        = true                           {product lp64_product} {ergonomic}
     bool UseG1GC                                  = true                                      {product} {ergonomic}
     bool UseLargePagesIndividualAllocation        = false                                  {pd product} {ergonomic}

Logging:
Log output configuration:
 #0: stdout all=warning uptime,level,tags
 #1: stderr all=off uptime,level,tags

Environment Variables:
JAVA_HOME=C:\Program Files\Eclipse Adoptium\jdk-17.0.18.8-hotspot
CLASSPATH=.;C:\3. ANTLR4\3. ANTLR4\antlr-4.7.2-complete.jar;
PATH=c:\Users\msmor\AppData\Local\Programs\cursor\resources\app\resources\helpers;C:\Program Files\Eclipse Adoptium\jdk-17.0.18.8-hotspot\bin;C:\Program Files\Microsoft MPI\Bin\;C:\ORACLE\bin;C:\WINDOWS\system32;C:\WINDOWS;C:\WINDOWS\System32\Wbem;C:\WINDOWS\System32\WindowsPowerShell\v1.0\;C:\WINDOWS\System32\OpenSSH\;C:\Program Files\dotnet\;C:\Program Files (x86)\Microsoft SQL Server\160\Tools\Binn\;C:\Program Files\Microsoft SQL Server\160\Tools\Binn\;C:\Program Files\Microsoft SQL Server\Client SDK\ODBC\170\Tools\Binn\;C:\Program Files\Microsoft SQL Server\160\DTS\Binn\;C:\Program Files (x86)\Microsoft SQL Server\160\DTS\Binn\;C:\3. ANTLR4\3. ANTLR4\;C:\Program Files\Docker\Docker\resources\bin;C:\Users\msmor\AppData\Local\Muse Hub\lib;C:\Program Files (x86)\Microsoft SQL Server\170\Tools\Binn\;C:\Program Files\Microsoft SQL Server\170\Tools\Binn\;C:\Program Files\Microsoft SQL Server\Client SDK\ODBC\180\Tools\Binn\;C:\Program Files\Microsoft SQL Server\170\DTS\Binn\;C:\Program Files\Git\cmd;C:\Program Files\nodejs\;C:\Users\msmor\Downloads\apache-maven-3.9.15-bin\apache-maven-3.9.15\bin;C:\Users\msmor\AppData\Local\Microsoft\WindowsApps;C:\Users\msmor\AppData\Local\Muse Hub\lib;C:\Users\msmor\AppData\Local\Programs\Microsoft VS Code\bin;C:\Users\msmor\AppData\Roaming\Programs\Zero Install;C:\Users\msmor\AppData\Local\Python\bin;C:\Users\msmor\AppData\Roaming\npm;C:\Users\msmor\AppData\Local\Programs\cursor\resources\app\bin
USERNAME=msmor
TERM=dumb
OS=Windows_NT
PROCESSOR_IDENTIFIER=Intel64 Family 6 Model 186 Stepping 3, GenuineIntel
TMP=C:\Users\msmor\AppData\Local\Temp
TEMP=C:\Users\msmor\AppData\Local\Temp



Periodic native trim disabled


---------------  S Y S T E M  ---------------

OS:
 Windows 11 , 64 bit Build 26100 (10.0.26100.7920)
OS uptime: 34 days 8:59 hours
Hyper-V role detected

CPU: total 12 (initial active 12) (6 cores per cpu, 2 threads per core) family 6 model 186 stepping 3 microcode 0x6134, cx8, cmov, fxsr, ht, mmx, 3dnowpref, sse, sse2, sse3, ssse3, sse4.1, sse4.2, popcnt, lzcnt, tsc, tscinvbit, avx, avx2, aes, erms, clmul, bmi1, bmi2, adx, sha, fma, vzeroupper, clflush, clflushopt, clwb, hv
Processor Information for all 12 processors :
  Max Mhz: 1300, Current Mhz: 1300, Mhz Limit: 1300

Memory: 4k page, system-wide physical 16068M (841M free)
TotalPageFile size 65220M (AvailPageFile size 30M)
current process WorkingSet (physical memory assigned to process): 332M, peak: 338M
current process commit charge ("private bytes"): 374M, peak: 401M

vm_info: OpenJDK 64-Bit Server VM (17.0.18+8) for windows-amd64 JRE (17.0.18+8), built on Jan 20 2026 22:28:22 by "admin" with MS VC++ 17.12 (VS2022)

END.
