#
# There is insufficient memory for the Java Runtime Environment to continue.
# Native memory allocation (mmap) failed to map 264241152 bytes. Error detail: G1 virtual space
# Possible reasons:
#   The system is out of physical RAM or swap space
#   This process is running with CompressedOops enabled, and the Java Heap may be blocking the growth of the native heap
# Possible solutions:
#   Reduce memory load on the system
#   Increase physical memory or swap space
#   Check if swap backing store is full
#   Decrease Java heap size (-Xmx/-Xms)
#   Decrease number of Java threads
#   Decrease Java thread stack sizes (-Xss)
#   Set larger code cache with -XX:ReservedCodeCacheSize=
#   JVM is running with Zero Based Compressed Oops mode in which the Java heap is
#     placed in the first 32GB address space. The Java Heap base address is the
#     maximum limit for the native heap growth. Please use -XX:HeapBaseMinAddress
#     to set the Java Heap base and to place the Java Heap above 32GB virtual address.
# This output file may be truncated or incomplete.
#
#  Out of Memory Error (os_windows.cpp:3618), pid=68508, tid=53408
#
# JRE version:  (17.0.18+8) (build )
# Java VM: OpenJDK 64-Bit Server VM (17.0.18+8, mixed mode, sharing, tiered, compressed oops, compressed class ptrs, g1 gc, windows-amd64)
# No core dump will be written. Minidumps are not enabled by default on client versions of Windows
#

---------------  S U M M A R Y ------------

Command Line: --enable-native-access=ALL-UNNAMED 

Host: 13th Gen Intel(R) Core(TM) i5-1335U, 12 cores, 15G,  Windows 11 , 64 bit Build 26100 (10.0.26100.7920)
Time: Mon May 18 17:48:01 2026 Hora estándar, América Central elapsed time: 1.130712 seconds (0d 0h 0m 1s)

---------------  T H R E A D  ---------------

Current thread (0x00000205d215b0d0):  JavaThread "Unknown thread" [_thread_in_vm, id=53408, stack(0x000000d0c1300000,0x000000d0c1400000)]

Stack: [0x000000d0c1300000,0x000000d0c1400000]
Native frames: (J=compiled Java code, j=interpreted, Vv=VM code, C=native code)
V  [jvm.dll+0x6846f9]
V  [jvm.dll+0x839ea5]
V  [jvm.dll+0x83b91e]
V  [jvm.dll+0x83bfa3]
V  [jvm.dll+0x248eff]
V  [jvm.dll+0x6814b9]
V  [jvm.dll+0x6762ba]
V  [jvm.dll+0x309257]
V  [jvm.dll+0x310826]
V  [jvm.dll+0x360d9e]
V  [jvm.dll+0x360fdd]
V  [jvm.dll+0x2e02dc]
V  [jvm.dll+0x2e11e8]
V  [jvm.dll+0x80cd6b]
V  [jvm.dll+0x36ea21]
V  [jvm.dll+0x7eb945]
V  [jvm.dll+0x3f462b]
V  [jvm.dll+0x3f6111]
C  [jli.dll+0x52d0]
C  [ucrtbase.dll+0x37b0]
C  [KERNEL32.DLL+0x2e8d7]
C  [ntdll.dll+0x8c48c]


---------------  P R O C E S S  ---------------

Threads class SMR info:
_java_thread_list=0x00007ffbfa1a7f58, length=0, elements={
}

Java Threads: ( => current thread )

Other Threads:
  0x00000205d21c8840 GCTaskThread "GC Thread#0" [stack: 0x000000d0c1400000,0x000000d0c1500000] [id=71892]
  0x00000205d21d9e80 ConcurrentGCThread "G1 Main Marker" [stack: 0x000000d0c1500000,0x000000d0c1600000] [id=52268]
  0x00000205d21db660 ConcurrentGCThread "G1 Conc#0" [stack: 0x000000d0c1600000,0x000000d0c1700000] [id=57540]

[error occurred during error reporting (printing all threads), id 0xc0000005, EXCEPTION_ACCESS_VIOLATION (0xc0000005) at pc=0x00007ffbf9960e07]

VM state: not at safepoint (not fully initialized)

VM Mutex/Monitor currently owned by a thread:  ([mutex/lock_event])
[0x00000205d2156c30] Heap_lock - owner thread: 0x00000205d215b0d0

Heap address: 0x0000000704e00000, size: 4018 MB, Compressed Oops mode: Zero based, Oop shift amount: 3

CDS archive(s) mapped at: [0x0000000000000000-0x0000000000000000-0x0000000000000000), size 0, SharedBaseAddress: 0x0000000800000000, ArchiveRelocationMode: 1.
Narrow klass base: 0x0000000000000000, Narrow klass shift: 0, Narrow klass range: 0x0

GC Precious Log:
<Empty>

Heap:
 garbage-first heap   total 0K, used 0K [0x0000000704e00000, 0x0000000800000000)
  region size 2048K, 0 young (0K), 0 survivors (0K)

[error occurred during error reporting (printing heap information), id 0xc0000005, EXCEPTION_ACCESS_VIOLATION (0xc0000005) at pc=0x00007ffbf9d4dd09]

GC Heap History (0 events):
No events

Dll operation events (1 events):
Event: 0.025 Loaded shared library C:\Program Files\Eclipse Adoptium\jdk-17.0.18.8-hotspot\bin\java.dll

Deoptimization events (0 events):
No events

Classes loaded (0 events):
No events

Classes unloaded (0 events):
No events

Classes redefined (0 events):
No events

Internal exceptions (0 events):
No events

VM Operations (0 events):
No events

Memory protections (0 events):
No events

Nmethod flushes (0 events):
No events

Events (0 events):
No events


Dynamic libraries:
0x00007ff7cfde0000 - 0x00007ff7cfdee000 	C:\Program Files\Eclipse Adoptium\jdk-17.0.18.8-hotspot\bin\java.exe
0x00007ffcea460000 - 0x00007ffcea6c7000 	C:\WINDOWS\SYSTEM32\ntdll.dll
0x00007ffce89b0000 - 0x00007ffce8a79000 	C:\WINDOWS\System32\KERNEL32.DLL
0x00007ffce7b10000 - 0x00007ffce7f01000 	C:\WINDOWS\System32\KERNELBASE.dll
0x00007ffce70a0000 - 0x00007ffce71eb000 	C:\WINDOWS\System32\ucrtbase.dll
0x00007ffccdfb0000 - 0x00007ffccdfce000 	C:\Program Files\Eclipse Adoptium\jdk-17.0.18.8-hotspot\bin\VCRUNTIME140.dll
0x00007ffccdf90000 - 0x00007ffccdfa8000 	C:\Program Files\Eclipse Adoptium\jdk-17.0.18.8-hotspot\bin\jli.dll
0x00007ffce9ae0000 - 0x00007ffce9ca5000 	C:\WINDOWS\System32\USER32.dll
0x00007ffce6f20000 - 0x00007ffce6f47000 	C:\WINDOWS\System32\win32u.dll
0x00007ffcba5d0000 - 0x00007ffcba863000 	C:\WINDOWS\WinSxS\amd64_microsoft.windows.common-controls_6595b64144ccf1df_6.0.26100.8037_none_3e092faae333b53b\COMCTL32.dll
0x00007ffce9520000 - 0x00007ffce954b000 	C:\WINDOWS\System32\GDI32.dll
0x00007ffce8c10000 - 0x00007ffce8cb9000 	C:\WINDOWS\System32\msvcrt.dll
0x00007ffce6d40000 - 0x00007ffce6e6b000 	C:\WINDOWS\System32\gdi32full.dll
0x00007ffce7a60000 - 0x00007ffce7b03000 	C:\WINDOWS\System32\msvcp_win.dll
0x00007ffce86b0000 - 0x00007ffce86e1000 	C:\WINDOWS\System32\IMM32.DLL
0x00007ffcce970000 - 0x00007ffcce97c000 	C:\Program Files\Eclipse Adoptium\jdk-17.0.18.8-hotspot\bin\vcruntime140_1.dll
0x00007ffc897c0000 - 0x00007ffc8984d000 	C:\Program Files\Eclipse Adoptium\jdk-17.0.18.8-hotspot\bin\msvcp140.dll
0x00007ffbf9670000 - 0x00007ffbfa2db000 	C:\Program Files\Eclipse Adoptium\jdk-17.0.18.8-hotspot\bin\server\jvm.dll
0x00007ffce88f0000 - 0x00007ffce89ab000 	C:\WINDOWS\System32\ADVAPI32.dll
0x00007ffce8cc0000 - 0x00007ffce8d67000 	C:\WINDOWS\System32\sechost.dll
0x00007ffce8210000 - 0x00007ffce8328000 	C:\WINDOWS\System32\RPCRT4.dll
0x00007ffce86f0000 - 0x00007ffce8764000 	C:\WINDOWS\System32\WS2_32.dll
0x00007ffce6ba0000 - 0x00007ffce6bfe000 	C:\WINDOWS\SYSTEM32\POWRPROF.dll
0x00007ffce1c00000 - 0x00007ffce1c35000 	C:\WINDOWS\SYSTEM32\WINMM.dll
0x00007ffcd5580000 - 0x00007ffcd558b000 	C:\WINDOWS\SYSTEM32\VERSION.dll
0x00007ffce6b80000 - 0x00007ffce6b94000 	C:\WINDOWS\SYSTEM32\UMPDC.dll
0x00007ffce5a90000 - 0x00007ffce5aab000 	C:\WINDOWS\SYSTEM32\kernel.appcore.dll
0x00007ffcce8b0000 - 0x00007ffcce8ba000 	C:\Program Files\Eclipse Adoptium\jdk-17.0.18.8-hotspot\bin\jimage.dll
0x00007ffce4c90000 - 0x00007ffce4ed2000 	C:\WINDOWS\SYSTEM32\DBGHELP.DLL
0x00007ffce9190000 - 0x00007ffce9512000 	C:\WINDOWS\System32\combase.dll
0x00007ffce8810000 - 0x00007ffce88e7000 	C:\WINDOWS\System32\OLEAUT32.dll
0x00007ffcbd520000 - 0x00007ffcbd55b000 	C:\WINDOWS\SYSTEM32\dbgcore.DLL
0x00007ffce6e70000 - 0x00007ffce6f15000 	C:\WINDOWS\System32\bcryptPrimitives.dll
0x00007ffccde10000 - 0x00007ffccde35000 	C:\Program Files\Eclipse Adoptium\jdk-17.0.18.8-hotspot\bin\java.dll

dbghelp: loaded successfully - version: 4.0.5 - missing functions: none
symbol engine: initialized successfully - sym options: 0x614 - pdb path: .;C:\Program Files\Eclipse Adoptium\jdk-17.0.18.8-hotspot\bin;C:\WINDOWS\SYSTEM32;C:\WINDOWS\WinSxS\amd64_microsoft.windows.common-controls_6595b64144ccf1df_6.0.26100.8037_none_3e092faae333b53b;C:\Program Files\Eclipse Adoptium\jdk-17.0.18.8-hotspot\bin\server

VM Arguments:
jvm_args: --enable-native-access=ALL-UNNAMED 
java_command: <unknown>
java_class_path (initial): .;C:\3. ANTLR4\3. ANTLR4\antlr-4.7.2-complete.jar;
Launcher Type: SUN_STANDARD

[Global flags]
     intx CICompilerCount                          = 4                                         {product} {ergonomic}
     uint ConcGCThreads                            = 3                                         {product} {ergonomic}
     uint G1ConcRefinementThreads                  = 10                                        {product} {ergonomic}
   size_t G1HeapRegionSize                         = 2097152                                   {product} {ergonomic}
    uintx GCDrainStackTargetSize                   = 64                                        {product} {ergonomic}
   size_t InitialHeapSize                          = 264241152                                 {product} {ergonomic}
   size_t MarkStackSize                            = 4194304                                   {product} {ergonomic}
   size_t MaxHeapSize                              = 4213178368                                {product} {ergonomic}
   size_t MinHeapDeltaBytes                        = 2097152                                   {product} {ergonomic}
   size_t MinHeapSize                              = 8388608                                   {product} {ergonomic}
    uintx NonNMethodCodeHeapSize                   = 5839372                                {pd product} {ergonomic}
    uintx NonProfiledCodeHeapSize                  = 122909434                              {pd product} {ergonomic}
    uintx ProfiledCodeHeapSize                     = 122909434                              {pd product} {ergonomic}
    uintx ReservedCodeCacheSize                    = 251658240                              {pd product} {ergonomic}
     bool SegmentedCodeCache                       = true                                      {product} {ergonomic}
   size_t SoftMaxHeapSize                          = 4213178368                             {manageable} {ergonomic}
     bool UseCompressedClassPointers               = true                           {product lp64_product} {ergonomic}
     bool UseCompressedOops                        = true                           {product lp64_product} {ergonomic}
     bool UseG1GC                                  = true                                      {product} {ergonomic}
     bool UseLargePagesIndividualAllocation        = false                                  {pd product} {ergonomic}

Logging:
Log output configuration:
 #0: stdout all=warning uptime,level,tags
 #1: stderr all=off uptime,level,tags

Environment Variables:
JAVA_HOME=C:\Program Files\Eclipse Adoptium\jdk-17.0.18.8-hotspot
CLASSPATH=.;C:\3. ANTLR4\3. ANTLR4\antlr-4.7.2-complete.jar;
PATH=c:\Users\msmor\AppData\Local\Programs\cursor\resources\app\resources\helpers;C:\Program Files\Eclipse Adoptium\jdk-17.0.18.8-hotspot\bin;C:\Program Files\Microsoft MPI\Bin\;C:\ORACLE\bin;C:\WINDOWS\system32;C:\WINDOWS;C:\WINDOWS\System32\Wbem;C:\WINDOWS\System32\WindowsPowerShell\v1.0\;C:\WINDOWS\System32\OpenSSH\;C:\Program Files\dotnet\;C:\Program Files (x86)\Microsoft SQL Server\160\Tools\Binn\;C:\Program Files\Microsoft SQL Server\160\Tools\Binn\;C:\Program Files\Microsoft SQL Server\Client SDK\ODBC\170\Tools\Binn\;C:\Program Files\Microsoft SQL Server\160\DTS\Binn\;C:\Program Files (x86)\Microsoft SQL Server\160\DTS\Binn\;C:\3. ANTLR4\3. ANTLR4\;C:\Program Files\Docker\Docker\resources\bin;C:\Users\msmor\AppData\Local\Muse Hub\lib;C:\Program Files (x86)\Microsoft SQL Server\170\Tools\Binn\;C:\Program Files\Microsoft SQL Server\170\Tools\Binn\;C:\Program Files\Microsoft SQL Server\Client SDK\ODBC\180\Tools\Binn\;C:\Program Files\Microsoft SQL Server\170\DTS\Binn\;C:\Program Files\Git\cmd;C:\Program Files\nodejs\;C:\Users\msmor\Downloads\apache-maven-3.9.15-bin\apache-maven-3.9.15\bin;C:\Users\msmor\AppData\Local\Microsoft\WindowsApps;C:\Users\msmor\AppData\Local\Muse Hub\lib;C:\Users\msmor\AppData\Local\Programs\Microsoft VS Code\bin;C:\Users\msmor\AppData\Roaming\Programs\Zero Install;C:\Users\msmor\AppData\Local\Python\bin;C:\Users\msmor\AppData\Roaming\npm;C:\Users\msmor\AppData\Local\Programs\cursor\resources\app\bin
USERNAME=msmor
TERM=dumb
OS=Windows_NT
PROCESSOR_IDENTIFIER=Intel64 Family 6 Model 186 Stepping 3, GenuineIntel
TMP=C:\Users\msmor\AppData\Local\Temp
TEMP=C:\Users\msmor\AppData\Local\Temp



Periodic native trim disabled


---------------  S Y S T E M  ---------------

OS:
 Windows 11 , 64 bit Build 26100 (10.0.26100.7920)
OS uptime: 34 days 9:01 hours
Hyper-V role detected

CPU: total 12 (initial active 12) (6 cores per cpu, 2 threads per core) family 6 model 186 stepping 3 microcode 0x6134, cx8, cmov, fxsr, ht, mmx, 3dnowpref, sse, sse2, sse3, ssse3, sse4.1, sse4.2, popcnt, lzcnt, tsc, tscinvbit, avx, avx2, aes, erms, clmul, bmi1, bmi2, adx, sha, fma, vzeroupper, clflush, clflushopt, clwb, hv
Processor Information for all 12 processors :
  Max Mhz: 1300, Current Mhz: 1300, Mhz Limit: 1300

Memory: 4k page, system-wide physical 16068M (609M free)
TotalPageFile size 65220M (AvailPageFile size 231M)
current process WorkingSet (physical memory assigned to process): 12M, peak: 12M
current process commit charge ("private bytes"): 64M, peak: 316M

vm_info: OpenJDK 64-Bit Server VM (17.0.18+8) for windows-amd64 JRE (17.0.18+8), built on Jan 20 2026 22:28:22 by "admin" with MS VC++ 17.12 (VS2022)

END.
